safgopweirnpeir
asdf
sadf
asdf
adsf
asdf
asdf
asdf
asdf
